Microchip MPLAB XC8 Compiler V3.10

Linker command line:

-W-3 \
  --edf=C:\Program Files\Microchip\xc8\v3.10\pic\dat\20250813170317_en.msgs \
  -cn -h+dist/default/production\PROJECT_1_ECU3.X.production.sym \
  --cmf=dist/default/production\PROJECT_1_ECU3.X.production.cmf -z \
  -Q18F4580 -oC:\Users\PRANAV\AppData\Local\Temp\xcAshf8.0\driver_tmp_3.o \
  --defsym=__MPLAB_BUILD=1 --fixupoverflow=error \
  -Mdist/default/production/PROJECT_1_ECU3.X.production.map \
  --md=C:\Users\PRANAV\AppData\Local\Temp\xcAshf8.0\driver_tmp_0.dat -E1 \
  -ver=XC8 Compiler -ACODE=00h-07FFFh -ACONST=00h-07FFFh \
  -ASMALLCONST=0600h-06FFhx122 -AMEDIUMCONST=0600h-07FFFh -ACOMRAM=01h-05Fh \
  -AABS1=00h-05FFh -ABIGRAM=01h-05FFh -ARAM=060h-0FFh,0100h-01FFhx5 \
  -ABANK0=060h-0FFh -ABANK1=0100h-01FFh -ABANK2=0200h-02FFh \
  -ABANK3=0300h-03FFh -ABANK4=0400h-04FFh -ABANK5=0500h-05FFh \
  -ASFR=0D00h-0DFFhx2,0F00h-0F5Fh,0F60h-0FFFh -ABIGSFR=0D00h-0FFFh \
  -ACONFIG=0300000h-030000Dh -AIDLOC=0200000h-0200007h \
  -AEEDATA=0F00000h-0F000FFh -peeprom_data=EEDATA \
  -preset_vec=00h,intcode=8h,intcodelo=18h,sivt_lo,sivt_hi=CODE \
  -ppowerup=CODE,init -pramtop=0600h -psmallconst=SMALLCONST \
  -pmediumconst=MEDIUMCONST -pconst=CONST -AFARRAM=00h-00h \
  -prdata=COMRAM,nvrram=COMRAM,nvbit=COMRAM,rbss=COMRAM,rbit=COMRAM \
  -pfarbss=FARRAM,fardata=FARRAM,nvFARRAM=FARRAM \
  -pintsave_regs=BIGRAM,bigbss=BIGRAM,bigdata=BIGRAM -pbss=RAM \
  -pidata=CODE,irdata=CODE,ibigdata=CODE,ifardata=CODE -prparam=COMRAM \
  C:\Users\PRANAV\AppData\Local\Temp\xcAshf8.0\driver_tmp_9.o \
  dist/default/production\PROJECT_1_ECU3.X.production.o 

Object code version is 3.11

Machine type is 18F4580



                Name                               Link     Load   Length Selector   Space Scale
C:\Users\PRANAV\AppData\Local\Temp\xcAshf8.0\driver_tmp_9.o
                init                                  E        E        4        4       0
                reset_vec                             0        0        4        0       0
dist/default/production\PROJECT_1_ECU3.X.production.o
                intcode                               8        8        6        4       0
                smallconst                          600      600       22      300       0
                intcode_body                        C42      C42       5A      311       0
                text18                              DBC      DBC       32      311       0
                text17                              9F8      9F8       94      311       0
                text16                              D4E      D4E       3A      311       0
                text15                              E08      E08       18      311       0
                text14                              BDE      BDE       64      311       0
                text13                              D14      D14       3A      311       0
                text12                              622      622       DC      311       0
                text11                              B08      B08       72      311       0
                text10                              B7A      B7A       64      311       0
                text9                               6FE      6FE       D6      311       0
                text8                               7D4      7D4       C0      311       0
                text7                               94A      94A       AE      311       0
                text6                               A8C      A8C       7C      311       0
                text5                               894      894       B6      311       0
                text4                               CD8      CD8       3C      311       0
                text3                               D88      D88       34      311       0
                text2                               E20      E20       14      311       0
                text1                               DEE      DEE       1A      311       0
                text0                               E34      E34       10      311       0
                cstackCOMRAM                          2        2       16        2       1
                dataCOMRAM                           18       18        8        2       1
                bssCOMRAM                            20       20        5        2       1
                cinit                               C9C      C9C       3C      311       0
                idataCOMRAM                         E44      E44        8      311       0

TOTAL           Name                               Link     Load   Length     Space
        CLASS   CODE           
                intcode                               8        8        6         0
                init                                  E        E        4         0
                reset_vec                             0        0        4         0
                intcode_body                        C42      C42       5A         0
                text18                              DBC      DBC       32         0
                text17                              9F8      9F8       94         0
                text16                              D4E      D4E       3A         0
                text15                              E08      E08       18         0
                text14                              BDE      BDE       64         0
                text13                              D14      D14       3A         0
                text12                              622      622       DC         0
                text11                              B08      B08       72         0
                text10                              B7A      B7A       64         0
                text9                               6FE      6FE       D6         0
                text8                               7D4      7D4       C0         0
                text7                               94A      94A       AE         0
                text6                               A8C      A8C       7C         0
                text5                               894      894       B6         0
                text4                               CD8      CD8       3C         0
                text3                               D88      D88       34         0
                text2                               E20      E20       14         0
                text1                               DEE      DEE       1A         0
                text0                               E34      E34       10         0
                cinit                               C9C      C9C       3C         0
                idataCOMRAM                         E44      E44        8         0

        CLASS   CONST          

        CLASS   SMALLCONST     
                smallconst                          600      600       22         0

        CLASS   MEDIUMCONST    

        CLASS   COMRAM         
                cstackCOMRAM                          2        2       16         1
                dataCOMRAM                           18       18        8         1
                bssCOMRAM                            20       20        5         1

        CLASS   ABS1           
                abs_s1                                1        1        1         1

        CLASS   BIGRAM         

        CLASS   RAM            

        CLASS   BANK0          

        CLASS   BANK1          

        CLASS   BANK2          

        CLASS   BANK3          

        CLASS   BANK4          

        CLASS   BANK5          

        CLASS   SFR            

        CLASS   BIGSFR         

        CLASS   CONFIG         

        CLASS   IDLOC          

        CLASS   EEDATA         

        CLASS   FARRAM         

        CLASS   HEAP           

        CLASS   STACK          



SEGMENTS        Name                           Load    Length   Top    Selector   Space  Class

                reset_vec                      000000  000004  000004         0       0  CODE    
                cstackCOMRAM                   000002  000023  000025         2       1  COMRAM  
                intcode                        000008  00000A  000012         4       0  CODE    
                smallconst                     000600  000022  000622       300       0  SMALLCON
                text12                         000622  00082A  000E4C       311       0  CODE    


UNUSED ADDRESS RANGES

        Name                Unused          Largest block    Delta
        BANK0            0060-00FF             A0
        BANK1            0100-01FF            100
        BANK2            0200-02FF            100
        BANK3            0300-03FF            100
        BANK4            0400-04FF            100
        BANK5            0500-05FF            100
        BIGRAM           0025-05FF            5DB
        BIGSFR           0D00-0FFF            300
        CODE             0004-0007              4
                         0012-05FF            5EE
                         0E4C-7FFF           71B4
        COMRAM           0025-005F             3B
        CONFIG           300000-30000D              E
        CONST            0004-0007              4
                         0012-05FF            5EE
                         0E4C-7FFF           71B4
        EEDATA           F00000-F000FF            100
        IDLOC            200000-200007              8
        MEDIUMCONST      0E4C-7FFF           71B4
        RAM              0060-05FF            100
        SFR              0D00-0FFF            100
        SMALLCONST       0E4C-7FFF            100

                                  Symbol Table

?___awdiv                       cstackCOMRAM 0002
?___awmod                       cstackCOMRAM 000A
?___lwdiv                       cstackCOMRAM 0002
?___lwmod                       cstackCOMRAM 0009
?_get_msg_id_std                cstackCOMRAM 0002
_BRGCON1                        (abs)        0F70
_BRGCON2                        (abs)        0F71
_BRGCON3                        (abs)        0F72
_CANCON                         (abs)        0F6F
_CANSTAT                        (abs)        0F6E
_ECANCON                        (abs)        0F77
_GIE                            (abs)        7F97
_INTCONbits                     (abs)        0FF2
_PEIE                           (abs)        7F96
_PORTB                          (abs)        0F81
_PORTBbits                      (abs)        0F81
_PORTD                          (abs)        0F83
_RC0                            (abs)        7C10
_RC1                            (abs)        7C11
_RC2                            (abs)        7C12
_RD7                            (abs)        7C1F
_RXB0CON                        (abs)        0F60
_RXB0CONbits                    (abs)        0F60
_RXB0D0                         (abs)        0F66
_RXB0DLC                        (abs)        0F65
_RXB0FUL                        (abs)        7B07
_RXB0IF                         (abs)        7D20
_RXB0SIDH                       (abs)        0F61
_RXB0SIDL                       (abs)        0F62
_RXFCON0                        (abs)        0DD4
_T0CONbits                      (abs)        0FD5
_TMR0                           (abs)        0FD6
_TMR0IF                         (abs)        7F92
_TRISB2                         (abs)        7C9A
_TRISB3                         (abs)        7C9B
_TRISBbits                      (abs)        0F93
_TRISC                          (abs)        0F94
_TRISD                          (abs)        0F95
_TRISD7                         (abs)        7CAF
_TXB0D0                         (abs)        0F46
_TXB0DLC                        (abs)        0F45
_TXB0EIDH                       (abs)        0F43
_TXB0EIDL                       (abs)        0F44
_TXB0REQ                        (abs)        7A03
_TXB0SIDH                       (abs)        0F41
_TXB0SIDL                       (abs)        0F42
__HRAM                          (abs)        0000
__H__absolute__                 __absolute__ 0000
__Habs1                         abs1         0000
__Hbank0                        bank0        0000
__Hbank1                        bank1        0000
__Hbank2                        bank2        0000
__Hbank3                        bank3        0000
__Hbank4                        bank4        0000
__Hbank5                        bank5        0000
__Hbigbss                       bigbss       0000
__Hbigdata                      bigdata      0000
__Hbigram                       bigram       0000
__Hbigsfr                       bigsfr       0000
__Hbss                          bss          0000
__HbssCOMRAM                    bssCOMRAM    0000
__Hcinit                        cinit        0000
__Hclrtext                      clrtext      0000
__Hcomram                       comram       0000
__Hconfig                       config       0000
__Hconst                        const        0000
__HcstackCOMRAM                 cstackCOMRAM 0000
__Hdata                         data         0000
__HdataCOMRAM                   dataCOMRAM   0000
__Heeprom_data                  eeprom_data  0000
__Hfarbss                       farbss       0000
__Hfardata                      fardata      0000
__Hheap                         heap         0000
__Hibigdata                     ibigdata     0000
__Hidata                        idata        0000
__HidataCOMRAM                  idataCOMRAM  0000
__Hidloc                        idloc        0000
__Hifardata                     ifardata     0000
__Hinit                         init         0012
__Hintcode                      intcode      000E
__Hintcode_body                 intcode_body 0000
__Hintcodelo                    intcodelo    0018
__Hintentry                     intentry     0000
__Hintret                       intret       0000
__Hintsave_regs                 intsave_regs 0000
__Hirdata                       irdata       0000
__Hmediumconst                  mediumconst  0000
__HnvFARRAM                     nvFARRAM     0000
__Hnvbit                        nvbit        0000
__Hnvrram                       nvrram       0000
__Hparam                        rparam       0000
__Hpowerup                      powerup      0000
__Hram                          ram          0000
__Hramtop                       ramtop       0600
__Hrbit                         rbit         0000
__Hrbss                         rbss         0000
__Hrdata                        rdata        0000
__Hreset_vec                    reset_vec    0004
__Hrparam                       rparam       0000
__Hsfr                          sfr          0000
__Hsivt_hi                      sivt_hi      0000
__Hsivt_lo                      sivt_lo      0018
__Hsmallconst                   smallconst   0622
__Hspace_0                      (abs)        0E4C
__Hspace_1                      (abs)        0025
__Hspace_2                      (abs)        0000
__Hspace_4                      (abs)        0000
__Hstack                        stack        0000
__Hstruct                       struct       0000
__Htemp                         temp         0000
__Htext                         text         0000
__Htext0                        text0        0000
__Htext1                        text1        0000
__Htext10                       text10       0000
__Htext11                       text11       0000
__Htext12                       text12       0000
__Htext13                       text13       0000
__Htext14                       text14       0000
__Htext15                       text15       0000
__Htext16                       text16       0000
__Htext17                       text17       0000
__Htext18                       text18       0000
__Htext2                        text2        0000
__Htext3                        text3        0000
__Htext4                        text4        0000
__Htext5                        text5        0000
__Htext6                        text6        0000
__Htext7                        text7        0000
__Htext8                        text8        0000
__Htext9                        text9        0000
__LRAM                          (abs)        0001
__L__absolute__                 __absolute__ 0000
__Labs1                         abs1         0000
__Lbank0                        bank0        0000
__Lbank1                        bank1        0000
__Lbank2                        bank2        0000
__Lbank3                        bank3        0000
__Lbank4                        bank4        0000
__Lbank5                        bank5        0000
__Lbigbss                       bigbss       0000
__Lbigdata                      bigdata      0000
__Lbigram                       bigram       0000
__Lbigsfr                       bigsfr       0000
__Lbss                          bss          0000
__LbssCOMRAM                    bssCOMRAM    0000
__Lcinit                        cinit        0000
__Lclrtext                      clrtext      0000
__Lcomram                       comram       0000
__Lconfig                       config       0000
__Lconst                        const        0000
__LcstackCOMRAM                 cstackCOMRAM 0000
__Ldata                         data         0000
__LdataCOMRAM                   dataCOMRAM   0000
__Leeprom_data                  eeprom_data  0000
__Lfarbss                       farbss       0000
__Lfardata                      fardata      0000
__Lheap                         heap         0000
__Libigdata                     ibigdata     0000
__Lidata                        idata        0000
__LidataCOMRAM                  idataCOMRAM  0000
__Lidloc                        idloc        0000
__Lifardata                     ifardata     0000
__Linit                         init         000E
__Lintcode                      intcode      0008
__Lintcode_body                 intcode_body 0000
__Lintcodelo                    intcodelo    0018
__Lintentry                     intentry     0000
__Lintret                       intret       0000
__Lintsave_regs                 intsave_regs 0000
__Lirdata                       irdata       0000
__Lmediumconst                  mediumconst  0000
__LnvFARRAM                     nvFARRAM     0000
__Lnvbit                        nvbit        0000
__Lnvrram                       nvrram       0000
__Lparam                        rparam       0000
__Lpowerup                      powerup      0000
__Lram                          ram          0000
__Lramtop                       ramtop       0600
__Lrbit                         rbit         0000
__Lrbss                         rbss         0000
__Lrdata                        rdata        0000
__Lreset_vec                    reset_vec    0000
__Lrparam                       rparam       0000
__Lsfr                          sfr          0000
__Lsivt_hi                      sivt_hi      0000
__Lsivt_lo                      sivt_lo      0018
__Lsmallconst                   smallconst   0600
__Lspace_0                      (abs)        0000
__Lspace_1                      (abs)        0000
__Lspace_2                      (abs)        0000
__Lspace_4                      (abs)        0000
__Lstack                        stack        0000
__Lstruct                       struct       0000
__Ltemp                         temp         0000
__Ltext                         text         0000
__Ltext0                        text0        0000
__Ltext1                        text1        0000
__Ltext10                       text10       0000
__Ltext11                       text11       0000
__Ltext12                       text12       0000
__Ltext13                       text13       0000
__Ltext14                       text14       0000
__Ltext15                       text15       0000
__Ltext16                       text16       0000
__Ltext17                       text17       0000
__Ltext18                       text18       0000
__Ltext2                        text2        0000
__Ltext3                        text3        0000
__Ltext4                        text4        0000
__Ltext5                        text5        0000
__Ltext6                        text6        0000
__Ltext7                        text7        0000
__Ltext8                        text8        0000
__Ltext9                        text9        0000
__S0                            (abs)        0E4C
__S1                            (abs)        0025
__S4                            (abs)        0000
__S5                            (abs)        0000
___awdiv                        text8        07D4
___awdiv@counter                cstackCOMRAM 0006
___awdiv@dividend               cstackCOMRAM 0002
___awdiv@divisor                cstackCOMRAM 0004
___awdiv@quotient               cstackCOMRAM 0008
___awdiv@sign                   cstackCOMRAM 0007
___awmod                        text7        094A
___awmod@counter                cstackCOMRAM 000E
___awmod@dividend               cstackCOMRAM 000A
___awmod@divisor                cstackCOMRAM 000C
___awmod@sign                   cstackCOMRAM 000F
___heap_hi                      (abs)        0000
___heap_lo                      (abs)        0000
___inthi_sp                     stack        0000
___inthi_stack_hi               stack        0000
___inthi_stack_lo               stack        0000
___intlo_sp                     stack        0000
___intlo_stack_hi               stack        0000
___intlo_stack_lo               stack        0000
___lwdiv                        text11       0B08
___lwdiv@counter                cstackCOMRAM 0008
___lwdiv@dividend               cstackCOMRAM 0002
___lwdiv@divisor                cstackCOMRAM 0004
___lwdiv@quotient               cstackCOMRAM 0006
___lwmod                        text10       0B7A
___lwmod@counter                cstackCOMRAM 000D
___lwmod@dividend               cstackCOMRAM 0009
___lwmod@divisor                cstackCOMRAM 000B
___param_bank                   (abs)        0000
___rparam_used                  (abs)        0001
___sp                           stack        0000
___stack_hi                     stack        0000
___stack_lo                     stack        0000
__accesstop                     (abs)        0060
__activetblptr                  (abs)        0001
__end_of___awdiv                text8        0894
__end_of___awmod                text7        09F8
__end_of___lwdiv                text11       0B7A
__end_of___lwmod                text10       0BDE
__end_of__initialization        cinit        0CC6
__end_of_can_process_bus        text5        094A
__end_of_can_receive            text17       0A8C
__end_of_clcd_print             text13       0D4E
__end_of_clcd_putch             text15       0E20
__end_of_clcd_write             text16       0D88
__end_of_display_gear_data      text14       0C42
__end_of_display_indicator_data text12       06FE
__end_of_display_rpm_data       text9        07D4
__end_of_display_speed_data     text6        0B08
__end_of_get_msg_id_std         text18       0DEE
__end_of_init_can               text4        0D14
__end_of_init_clcd              text3        0DBC
__end_of_init_config            text1        0E08
__end_of_init_timer0            text2        0E34
__end_of_isr                    intcode_body 0C9C
__end_of_main                   text0        0E44
__initialization                cinit        0C9C
__mediumconst                   smallconst   0600
__pbssCOMRAM                    bssCOMRAM    0020
__pcinit                        cinit        0C9C
__pcstackCOMRAM                 cstackCOMRAM 0002
__pdataCOMRAM                   dataCOMRAM   0018
__pidataCOMRAM                  idataCOMRAM  0E44
__pintcode                      intcode      0008
__pintcode_body                 intcode_body 0C42
__psmallconst                   smallconst   0600
__ptext0                        text0        0E34
__ptext1                        text1        0DEE
__ptext10                       text10       0B7A
__ptext11                       text11       0B08
__ptext12                       text12       0622
__ptext13                       text13       0D14
__ptext14                       text14       0BDE
__ptext15                       text15       0E08
__ptext16                       text16       0D4E
__ptext17                       text17       09F8
__ptext18                       text18       0DBC
__ptext2                        text2        0E20
__ptext3                        text3        0D88
__ptext4                        text4        0CD8
__ptext5                        text5        0894
__ptext6                        text6        0A8C
__ptext7                        text7        094A
__ptext8                        text8        07D4
__ptext9                        text9        06FE
__ramtop                        ramtop       0600
__smallconst                    smallconst   0600
_can_process_bus                text5        0894
_can_receive                    text17       09F8
_clcd_print                     text13       0D14
_clcd_putch                     text15       0E08
_clcd_write                     text16       0D4E
_display_gear_data              text14       0BDE
_display_indicator_data         text12       0622
_display_rpm_data               text9        06FE
_display_speed_data             text6        0A8C
_gear                           dataCOMRAM   0018
_get_msg_id_std                 text18       0DBC
_idle_count                     bssCOMRAM    0022
_init_can                       text4        0CD8
_init_clcd                      text3        0D88
_init_config                    text1        0DEE
_init_timer0                    text2        0E20
_isr                            intcode      0008
_main                           text0        0E34
_sec_flag                       bssCOMRAM    0024
_tx_rpm                         bssCOMRAM    0020
btemp                           (abs)        0001
btemp0                          (abs)        0001
btemp1                          (abs)        0002
can_process_bus@data            cstackCOMRAM 0017
can_process_bus@len             cstackCOMRAM 0014
can_process_bus@msg_id          cstackCOMRAM 0015
can_receive@data                cstackCOMRAM 0009
can_receive@i                   cstackCOMRAM 0010
can_receive@len                 cstackCOMRAM 000A
can_receive@msg_id              cstackCOMRAM 0008
can_receive@ptr                 cstackCOMRAM 000E
clcd_print@addr                 cstackCOMRAM 0005
clcd_print@data                 cstackCOMRAM 0004
clcd_putch@addr                 cstackCOMRAM 0010
clcd_putch@data                 cstackCOMRAM 0011
clcd_write@byte                 cstackCOMRAM 0003
clcd_write@control_bit          cstackCOMRAM 0002
display_gear_data@data          cstackCOMRAM 0012
display_indicator_data@data     cstackCOMRAM 0006
display_rpm_data@data           cstackCOMRAM 0012
display_speed_data@data         cstackCOMRAM 0012
display_speed_data@speed        cstackCOMRAM 0013
end_of_initialization           cinit        0CC6
int$flags                       (abs)        0001
int_func                        intcode_body 0C42
intlevel0                       text         0000
intlevel1                       text         0000
intlevel2                       text         0000
intlevel3                       text         0000
isa$std                         (abs)        0001
isa$xinst                       (abs)        0000
stackhi                         (abs)        0000
stacklo                         (abs)        0000
start                           init         000E
start_initialization            cinit        0C9C


MODULE INFORMATION

Module		Function		Class		Link	Load	Size
C:\Program Files\Microchip\xc8\v3.10\pic\sources\c99\common\lwmod.c
		___lwmod       		CODE           	0B7A	0000	100

C:\Program Files\Microchip\xc8\v3.10\pic\sources\c99\common\lwmod.c estimated size: 100

C:\Program Files\Microchip\xc8\v3.10\pic\sources\c99\common\awmod.c
		___awmod       		CODE           	094A	0000	174

C:\Program Files\Microchip\xc8\v3.10\pic\sources\c99\common\awmod.c estimated size: 174

timer.c
		_init_timer0   		CODE           	0E20	0000	20

timer.c estimated size: 20

C:\Program Files\Microchip\xc8\v3.10\pic\sources\c99\common\lwdiv.c
		___lwdiv       		CODE           	0B08	0000	114

C:\Program Files\Microchip\xc8\v3.10\pic\sources\c99\common\lwdiv.c estimated size: 114

C:\Program Files\Microchip\xc8\v3.10\pic\sources\c99\common\awdiv.c
		___awdiv       		CODE           	07D4	0000	192

C:\Program Files\Microchip\xc8\v3.10\pic\sources\c99\common\awdiv.c estimated size: 192

speed_display.c
		_display_speed_data		CODE           	0A8C	0000	124

speed_display.c estimated size: 124

isr.c
		_isr           		CODE           	0008	0000	96

isr.c estimated size: 96

gear_display.c
		_display_gear_data		CODE           	0BDE	0000	100

gear_display.c estimated size: 100

shared
		__initialization		CODE           	0C9C	0000	42

shared estimated size: 42

clcd_display.c
		_clcd_write    		CODE           	0D4E	0000	58
		_clcd_print    		CODE           	0D14	0000	58
		_clcd_putch    		CODE           	0E08	0000	24
		_init_clcd     		CODE           	0D88	0000	52

clcd_display.c estimated size: 192

can.c
		_init_can      		CODE           	0CD8	0000	60
		_can_receive   		CODE           	09F8	0000	148
		_get_msg_id_std		CODE           	0DBC	0000	50

can.c estimated size: 258

can_process_bus.c
		_can_process_bus		CODE           	0894	0000	182

can_process_bus.c estimated size: 182

rpm_display.c
		_display_rpm_data		CODE           	06FE	0000	214

rpm_display.c estimated size: 214

main.c
		_main          		CODE           	0E34	0000	16
		_init_config   		CODE           	0DEE	0000	26

main.c estimated size: 42

indicator_display.c
		_display_indicator_data		CODE           	0622	0000	220

indicator_display.c estimated size: 220

